// Vitest Snapshot v1, https://vitest.dev/guide/snapshot.html

exports[`Process > build 1`] = `
"
		let floor = this.makeFloor();
		let result = undefined;
		floor.drop("options", options);
		floor.drop("input", input);
		Execution: {
			
/* preflight-before */
/* end_block */


			
				
/* preflight-process-(0)-before */
/* end_block */


				result = this.preflightSteps[0].processFunction(
					request,
					this.preflightSteps[0].params.options,
					this.preflightSteps[0].params.input(floor.pickup)
				);

				
/* preflight-process-(0)-before-check-result */
/* end_block */


				if(result instanceof this.Response){

break Execution;
}

				
/* preflight-process-(0)-before-drop */
/* end_block */


				floor.drop("flute", result["flute"]);

				
/* preflight-process-(0)-after */
/* end_block */

			

			
/* preflight-after */
/* end_block */


			
/* steps-before */
/* end_block */


			
		
/* step-cut-(0)-before */
/* end_block */


		result = this.steps[0].cutFunction(floor, request);

		
/* step-cut-(0)-before-check-result */
/* end_block */


		if(result instanceof this.Response){

				let temp = this.steps[0].responseZodSchema.safeParse(result);

				if(!temp.success){
					throw new this.ContractResponseError(temp.error, result);
				}
			
break Execution;
}

		
/* step-cut-(0)-before-drop */
/* end_block */


		floor.drop("toto", result["toto"]);

		
/* step-cut-(0)-after */
/* end_block */

		

/* setp-extract-(1)-before */
/* end_block */


			
/* setp-extract-(1)-(params)-(userId)-before */
/* end_block */

		
			{
				let temp = this.steps[1]
					.extractObject["params"]["userId"]
					.safeParse(request["params"]?.["userId"])
		
				if(!temp.success){
					result = this.steps[1].catchError(
						"params",
						"userId",
						temp.error,
					);
					break Execution;
				}
		
				floor.drop(
					"userId",
					temp.data,
				);
			}
		
			
/* setp-extract-(1)-(params)-(userId)-after */
/* end_block */

			

/* setp-extract-(1)-after */
/* end_block */


			
/* steps-after */
/* end_block */

		}

		
/* process-if-return-before */
/* end_block */

		if(result instanceof this.Response){
			
/* process-result-return-before */
/* end_block */

			return result;
		}
		else {
			
/* process-drop-return-before */
/* end_block */

			return {
				"toto": floor.pickup("toto"),
"userId": floor.pickup("userId"),
			};
		}
		"
`;
