// Vitest Snapshot v1, https://vitest.dev/guide/snapshot.html

exports[`Process > build 1`] = `
"
		let floor = this.makeFloor();
		let result = undefined;
		floor.drop("options", options);
		floor.drop("input", input);
		Execution: {

			
/* beforeSteps */
/* end_block */


			
		
/* beforeCutStep(index: 0) */
/* end_block */


		result = this.steps[0].cutFunction(floor, request);

		
/* beforeTreatResultCutStep(index: 0) */
/* end_block */


		if(result instanceof this.Response){

				let temp = this.steps[0].responseZodSchema.safeParse(result);

				if(!temp.success){
					throw new this.ContractResponseError(temp.error, result);
				}
			
break Execution;
}

		
/* beforeIndexingResultCutStep(index: 0) */
/* end_block */


		floor.drop("toto", result["toto"]);

		
/* afterCutStep(index: 0) */
/* end_block */

		

/* beforeExtractStep(index: 1) */
/* end_block */


			{
				
/* beforeLevelTwoExtractStep(index: 1, one: params, two: userId) */
/* end_block */


				let temp = this.steps[1]
					.extractObject["params"]["userId"]
					.safeParse(request["params"]?.["userId"])

				
/* beforeTreatResultLevelTwoExtractStep(index: 1, one: params, two: userId) */
/* end_block */

		
				if(!temp.success){
					result = this.steps[1].catchError(
						"params",
						"userId",
						temp.error,
					);
					break Execution;
				}

				
/* beforeIndexingResultLevelTwoExtractStep(index: 1, one: params, two: userId) */
/* end_block */

		
				floor.drop(
					"userId",
					temp.data,
				);

				
/* afterLevelTowExtractStep(index: 1, one: params, two: userId) */
/* end_block */

			}
			

/* afterExtractStep(index: 1) */
/* end_block */


			
/* afterSteps */
/* end_block */

		}

		
/* beforeTreatResult */
/* end_block */


		if(result instanceof this.Response){
			
/* beforeReturnResponse */
/* end_block */


			return result;
		}
		else {
			
/* beforeReturnValues */
/* end_block */

			
			return {
				"toto": floor.pickup("toto"),
"userId": floor.pickup("userId"),
			};
		}
		"
`;
