// Vitest Snapshot v1, https://vitest.dev/guide/snapshot.html

exports[`BuildedCutStep 1`] = `
"
		
/* beforeCutStep(index: 2) */
/* end_block */


		result = this.steps[2].cutFunction(floor, request);

		
/* beforeTreatResultCutStep(index: 2) */
/* end_block */


		if(result instanceof this.Response){

				let temp = this.steps[2].responseZodSchema.safeParse(result);

				if(!temp.success){
					throw new this.ContractResponseError(temp.error, result);
				}
			
break Execution;
}

		
/* beforeIndexingResultCutStep(index: 2) */
/* end_block */


		floor.drop("test", result["test"]);

		
/* afterCutStep(index: 2) */
/* end_block */

		"
`;
