// Vitest Snapshot v1, https://vitest.dev/guide/snapshot.html

exports[`BuildedExtractStep 1`] = `
"
/* beforeExtractStep(index: 4) */
/* end_block */


			{
				
/* beforeLevelTwoExtractStep(index: 4, one: query, two: search) */
/* end_block */


				let temp = this.steps[4]
					.extractObject["query"]["search"]
					.safeParse(request["query"]?.["search"])

				
/* beforeTreatResultLevelTwoExtractStep(index: 4, one: query, two: search) */
/* end_block */

		
				if(!temp.success){
					result = this.steps[4].catchError(
						"query",
						"search",
						temp.error,
					);
					break Execution;
				}

				
/* beforeIndexingResultLevelTwoExtractStep(index: 4, one: query, two: search) */
/* end_block */

		
				floor.drop(
					"search",
					temp.data,
				);

				
/* afterLevelTowExtractStep(index: 4, one: query, two: search) */
/* end_block */

			}
			

			{
				
/* beforeLevelOneExtractStep(index: 4, one: body) */
/* end_block */


				let temp = this.steps[4]
					.extractObject["body"]
					.safeParse(request["body"])

				
/* beforeTreatResultLevelOneExtractStep(index: 4, one: body) */
/* end_block */

		
				if(!temp.success){
					result = this.steps[4].catchError(
						"body",
						undefined,
						temp.error,
					);
					break Execution;
				}

				
/* beforeIndexingResultLevelOneExtractStep(index: 4, one: body) */
/* end_block */

		
				floor.drop(
					"body",
					temp.data,
				);

				
/* afterLevelOneExtractStep(index: 4, one: body) */
/* end_block */

			}
			

/* afterExtractStep(index: 4) */
/* end_block */
"
`;
