// Vitest Snapshot v1, https://vitest.dev/guide/snapshot.html

exports[`BuildedHandlerStep 1`] = `
"
		
/* beforeHandlerStep(index: 4) */
/* end_block */


		result = this.steps[4].handlerFunction(floor.pickup, request);

		
/* beforeTreatResultHandlerStep(index: 4) */
/* end_block */


		if(result instanceof this.Response){

				let temp = this.steps[4].responseZodSchema.safeParse(result);

				if(!temp.success){
					throw new this.ContractResponseError(temp.error, result);
				}
			
break Execution;
}

		
/* afterHandlerStep(index: 4) */
/* end_block */

		"
`;
