// Vitest Snapshot v1, https://vitest.dev/guide/snapshot.html

exports[`Router > mapper and function builder 1`] = `
"
								let result;
	
								
								result = /^\\/users\\/(?<userId>[A-zÀ-ÿ0-9_\\- ]+)\\/?(?:\\?[^]*)?$/.exec(path);
								if(result !== null) return {
									buildedRoute: this.buildedRoutes[0],
									params: result.groups || {},
									matchedPath: "/users/{userId}",
								};
							

								result = /^\\/posts\\/(?<postId>[A-zÀ-ÿ0-9_\\- ]+)\\/?(?:\\?[^]*)?$/.exec(path);
								if(result !== null) return {
									buildedRoute: this.buildedRoutes[1],
									params: result.groups || {},
									matchedPath: "/posts/{postId}",
								};
							
	
								return null;
							"
`;
